BL51 BANKED LINKER/LOCATER V6.22.4.0                                                    06/12/2025  15:56:42  PAGE 1


BL51 BANKED LINKER/LOCATER V6.22.4.0, INVOKED BY:
C:\KEIL_V5\C51\BIN\BL51.EXE .\Objects\STARTUP.obj, .\Objects\main.obj, .\Objects\Uart.obj TO .\Objects\goBack PRINT (.\L
>> istings\goBack.m51) RAMSIZE (256)


MEMORY MODEL: SMALL


INPUT MODULES INCLUDED:
  .\Objects\STARTUP.obj (?C_STARTUP)
  .\Objects\main.obj (MAIN)
  .\Objects\Uart.obj (UART)
  C:\KEIL_V5\C51\LIB\C51S.LIB (?C_INIT)
  C:\KEIL_V5\C51\LIB\C51S.LIB (?C?COPY)
  C:\KEIL_V5\C51\LIB\C51S.LIB (?C?SIDIV)
  C:\KEIL_V5\C51\LIB\C51S.LIB (PRINTF)
  C:\KEIL_V5\C51\LIB\C51S.LIB (STRLEN)
  C:\KEIL_V5\C51\LIB\C51S.LIB (?C?CLDPTR)
  C:\KEIL_V5\C51\LIB\C51S.LIB (?C?CLDOPTR)
  C:\KEIL_V5\C51\LIB\C51S.LIB (?C?CSTPTR)
  C:\KEIL_V5\C51\LIB\C51S.LIB (?C?UIDIV)
  C:\KEIL_V5\C51\LIB\C51S.LIB (?C?PLDIIDATA)
  C:\KEIL_V5\C51\LIB\C51S.LIB (?C?CCASE)
  C:\KEIL_V5\C51\LIB\C51S.LIB (PUTCHAR)


LINK MAP OF MODULE:  .\Objects\goBack (?C_STARTUP)


            TYPE    BASE      LENGTH    RELOCATION   SEGMENT NAME
            -----------------------------------------------------

            * * * * * * *   D A T A   M E M O R Y   * * * * * * *
            REG     0000H     0008H     ABSOLUTE     "REG BANK 0"
                    0008H     0018H                  *** GAP ***
            BIT     0020H.0   0001H.1   UNIT         _BIT_GROUP_
            BIT     0021H.1   0000H.4   UNIT         ?BI?MAIN
            BIT     0021H.5   0000H.1   UNIT         ?BI?UART
                    0021H.6   0000H.2                *** GAP ***
            DATA    0022H     0033H     UNIT         _DATA_GROUP_
            DATA    0055H     0019H     UNIT         ?DT?MAIN
            IDATA   006EH     0001H     UNIT         ?STACK

            * * * * * * *   C O D E   M E M O R Y   * * * * * * *
            CODE    0000H     0003H     ABSOLUTE     
            CODE    0003H     0008H     UNIT         ?PR?_SENDDATA?UART
            CODE    000BH     0003H     ABSOLUTE     
            CODE    000EH     0015H     UNIT         ?PR?_STRLEN?STRLEN
            CODE    0023H     0003H     ABSOLUTE     
            CODE    0026H     035CH     UNIT         ?PR?PRINTF?PRINTF
            CODE    0382H     020FH     UNIT         ?C?LIB_CODE
            CODE    0591H     00E5H     UNIT         ?PR?LED_SHOW?MAIN
            CODE    0676H     008CH     UNIT         ?C_C51STARTUP
            CODE    0702H     0034H     UNIT         ?PR?TIMECAL?MAIN
            CODE    0736H     002AH     UNIT         ?PR?STATECHECK?MAIN
            CODE    0760H     0027H     UNIT         ?PR?PUTCHAR?PUTCHAR
            CODE    0787H     0025H     UNIT         ?PR?KEYCHECK?MAIN
            CODE    07ACH     0023H     UNIT         ?PR?MAIN?MAIN
BL51 BANKED LINKER/LOCATER V6.22.4.0                                                  06/12/2025  15:56:42  PAGE 2


            CODE    07CFH     0021H     UNIT         ?PR?TIMER0_ISR?MAIN
            CODE    07F0H     0020H     UNIT         ?C_INITSEG
            CODE    0810H     001AH     UNIT         ?CO?MAIN
            CODE    082AH     0019H     UNIT         ?PR?UART1_INIT?UART
            CODE    0843H     0013H     UNIT         ?PR?TIMER0_INIT?MAIN
            CODE    0856H     000EH     UNIT         ?PR?TIMERESET?MAIN
            CODE    0864H     000DH     UNIT         ?PR?UART1_ISR?UART



OVERLAY MAP OF MODULE:   .\Objects\goBack (?C_STARTUP)


SEGMENT                           BIT_GROUP          DATA_GROUP 
  +--> CALLED SEGMENT          START    LENGTH     START    LENGTH
------------------------------------------------------------------
?C_C51STARTUP                  -----    -----      -----    -----
  +--> ?PR?MAIN?MAIN
  +--> ?C_INITSEG

?PR?MAIN?MAIN                  -----    -----      -----    -----
  +--> ?PR?TIMER0_INIT?MAIN
  +--> ?PR?UART1_INIT?UART
  +--> ?PR?STATECHECK?MAIN
  +--> ?PR?KEYCHECK?MAIN
  +--> ?PR?LED_SHOW?MAIN

?PR?STATECHECK?MAIN            -----    -----      -----    -----
  +--> ?PR?TIMERESET?MAIN

?PR?LED_SHOW?MAIN              -----    -----      0022H    001FH
  +--> ?CO?MAIN
  +--> ?PR?PRINTF?PRINTF
  +--> ?PR?_STRLEN?STRLEN
  +--> ?PR?_SENDDATA?UART

?PR?PRINTF?PRINTF              0020H.0  0001H.1    0041H    0014H
  +--> ?PR?PUTCHAR?PUTCHAR

*** NEW ROOT ***************************************************

?PR?TIMER0_ISR?MAIN            -----    -----      -----    -----
  +--> ?PR?TIMECAL?MAIN



SYMBOL TABLE OF MODULE:  .\Objects\goBack (?C_STARTUP)

  VALUE           TYPE          NAME
  ----------------------------------

  -------         MODULE        ?C_STARTUP
  C:0676H         SEGMENT       ?C_C51STARTUP
  I:006EH         SEGMENT       ?STACK
  C:0000H         PUBLIC        ?C_STARTUP
  D:00E0H         SYMBOL        ACC
  D:00F0H         SYMBOL        B
BL51 BANKED LINKER/LOCATER V6.22.4.0                                                  06/12/2025  15:56:42  PAGE 3


  D:0083H         SYMBOL        DPH
  D:0082H         SYMBOL        DPL
  N:0000H         SYMBOL        IBPSTACK
  N:0100H         SYMBOL        IBPSTACKTOP
  N:0080H         SYMBOL        IDATALEN
  C:0679H         SYMBOL        IDATALOOP
  N:0000H         SYMBOL        PBPSTACK
  N:0100H         SYMBOL        PBPSTACKTOP
  N:0000H         SYMBOL        PDATALEN
  N:0000H         SYMBOL        PDATASTART
  N:0000H         SYMBOL        PPAGE
  N:0000H         SYMBOL        PPAGEENABLE
  D:00A0H         SYMBOL        PPAGE_SFR
  D:0081H         SYMBOL        SP
  C:0676H         SYMBOL        STARTUP1
  N:0000H         SYMBOL        XBPSTACK
  N:0000H         SYMBOL        XBPSTACKTOP
  N:0000H         SYMBOL        XDATALEN
  N:0000H         SYMBOL        XDATASTART
  C:0000H         LINE#         126
  C:0676H         LINE#         133
  C:0678H         LINE#         134
  C:0679H         LINE#         135
  C:067AH         LINE#         136
  C:067CH         LINE#         185
  C:067FH         LINE#         196
  -------         ENDMOD        ?C_STARTUP

  -------         MODULE        MAIN
  C:0000H         SYMBOL        _ICE_DUMMY_
  D:0080H         PUBLIC        P0
  D:00B2H         PUBLIC        P3M0
  D:0090H         PUBLIC        P1
  D:00B1H         PUBLIC        P3M1
  D:00A0H         PUBLIC        P2
  D:00B0H         PUBLIC        P3
  D:00C0H         PUBLIC        P4
  D:00C8H         PUBLIC        P5
  D:00E8H         PUBLIC        P6
  B:00A8H.7       PUBLIC        EA
  D:00F8H         PUBLIC        P7
  D:0056H         SYMBOL        minutes
  C:0787H         PUBLIC        KeyCheck
  D:00A8H         PUBLIC        IE
  D:0058H         SYMBOL        milliseconds
  B:0021H.1       SYMBOL        KeyReset_State
  C:0856H         PUBLIC        TimeReset
  D:00B8H         PUBLIC        IP
  B:0021H.2       SYMBOL        trigger_10ms
  C:0702H         PUBLIC        TimeCal
  C:07ACH         PUBLIC        main
  D:005AH         SYMBOL        trigger_10ms_count
  C:0843H         PUBLIC        Timer0_Init
  B:0080H.3       PUBLIC        P03
  D:0098H         PUBLIC        SCON
  B:0090H.4       PUBLIC        P14
  D:0089H         PUBLIC        TMOD
BL51 BANKED LINKER/LOCATER V6.22.4.0                                                  06/12/2025  15:56:42  PAGE 4


  D:0088H         PUBLIC        TCON
  B:00A0H.4       PUBLIC        P24
  D:00F0H         PUBLIC        B
  D:008EH         PUBLIC        AUXR
  C:081FH         SYMBOL        _?ix1000
  C:07CFH         PUBLIC        Timer0_Isr
  C:0823H         SYMBOL        _?ix1001
  B:0021H.3       SYMBOL        UartBusy
  D:00E0H         PUBLIC        ACC
  B:00A8H.1       PUBLIC        ET0
  B:0088H.5       PUBLIC        TF0
  D:008CH         PUBLIC        TH0
  D:008AH         PUBLIC        TL0
  B:0088H.4       PUBLIC        TR0
  C:0591H         PUBLIC        LED_Show
  C:0736H         PUBLIC        StateCheck
  D:005BH         SYMBOL        RunningState
  B:0021H.4       SYMBOL        trigger_1ms
  D:005CH         SYMBOL        seconds
  D:005EH         SYMBOL        tableDebug
  D:00D0H         PUBLIC        PSW
  -------         PROC          TIMER0_INIT
  C:0843H         LINE#         19
  C:0843H         LINE#         20
  C:0843H         LINE#         21
  C:0846H         LINE#         22
  C:0849H         LINE#         23
  C:084CH         LINE#         24
  C:084FH         LINE#         25
  C:0851H         LINE#         26
  C:0853H         LINE#         27
  C:0855H         LINE#         28
  -------         ENDPROC       TIMER0_INIT
  -------         PROC          KEYCHECK
  -------         DO            
  D:0055H         SYMBOL        Key_Status_Check
  -------         ENDDO         
  C:0787H         LINE#         30
  C:0787H         LINE#         31
  C:0787H         LINE#         33
  C:0793H         LINE#         34
  C:0793H         LINE#         35
  C:0793H         LINE#         36
  C:0796H         LINE#         37
  C:0799H         LINE#         38
  C:079AH         LINE#         40
  C:079AH         LINE#         41
  C:079DH         LINE#         42
  C:079DH         LINE#         43
  C:079FH         LINE#         44
  C:07A2H         LINE#         45
  C:07A3H         LINE#         50
  C:07A3H         LINE#         51
  C:07A6H         LINE#         52
  C:07A6H         LINE#         53
  C:07A8H         LINE#         54
  C:07A8H         LINE#         55
BL51 BANKED LINKER/LOCATER V6.22.4.0                                                  06/12/2025  15:56:42  PAGE 5


  C:07ABH         LINE#         56
  C:07ABH         LINE#         57
  C:07ABH         LINE#         58
  -------         ENDPROC       KEYCHECK
  -------         PROC          STATECHECK
  C:0736H         LINE#         60
  C:0736H         LINE#         61
  C:0736H         LINE#         62
  C:0739H         LINE#         63
  C:0739H         LINE#         64
  C:073BH         LINE#         65
  C:073EH         LINE#         66
  C:0741H         LINE#         67
  C:0741H         LINE#         68
  C:0749H         LINE#         69
  C:0749H         LINE#         70
  C:0749H         LINE#         71
  C:074CH         LINE#         72
  C:074FH         LINE#         73
  C:0751H         LINE#         74
  C:0751H         LINE#         75
  C:0754H         LINE#         76
  C:0757H         LINE#         77
  C:0757H         LINE#         78
  C:0757H         LINE#         79
  C:0757H         LINE#         80
  C:0757H         LINE#         81
  C:075CH         LINE#         82
  C:075FH         LINE#         83
  -------         ENDPROC       STATECHECK
  -------         PROC          TIMERESET
  C:0856H         LINE#         85
  C:0856H         LINE#         86
  C:0856H         LINE#         87
  C:085BH         LINE#         88
  C:085FH         LINE#         89
  C:0863H         LINE#         90
  -------         ENDPROC       TIMERESET
  -------         PROC          TIMECAL
  C:0702H         LINE#         91
  C:0702H         LINE#         92
  C:0702H         LINE#         93
  C:070AH         LINE#         94
  C:0713H         LINE#         95
  C:0713H         LINE#         96
  C:0718H         LINE#         97
  C:0720H         LINE#         98
  C:0728H         LINE#         99
  C:0728H         LINE#         100
  C:072DH         LINE#         101
  C:0735H         LINE#         102
  C:0735H         LINE#         103
  C:0735H         LINE#         104
  -------         ENDPROC       TIMECAL
  -------         PROC          LED_SHOW
  -------         DO            
  D:0022H         SYMBOL        tableHead
BL51 BANKED LINKER/LOCATER V6.22.4.0                                                  06/12/2025  15:56:42  PAGE 6


  D:0026H         SYMBOL        tableDisplaySettting
  D:002DH         SYMBOL        tableTimeData
  D:003DH         SYMBOL        tableEnd
  D:003EH         SYMBOL        length
  D:003FH         SYMBOL        i
  D:0040H         SYMBOL        sum
  -------         ENDDO         
  C:0591H         LINE#         105
  C:0591H         LINE#         106
  C:0591H         LINE#         107
  C:05A4H         LINE#         110
  C:05B7H         LINE#         120
  C:05BAH         LINE#         121
  C:05C0H         LINE#         123
  C:05ECH         LINE#         124
  C:05F7H         LINE#         126
  C:05FAH         LINE#         127
  C:060BH         LINE#         128
  C:0615H         LINE#         129
  C:0623H         LINE#         131
  C:0627H         LINE#         134
  C:062DH         LINE#         136
  C:0630H         LINE#         137
  C:0643H         LINE#         138
  C:0646H         LINE#         139
  C:0659H         LINE#         140
  C:0663H         LINE#         141
  C:0671H         LINE#         142
  -------         ENDPROC       LED_SHOW
  -------         PROC          MAIN
  C:07ACH         LINE#         145
  C:07ACH         LINE#         146
  C:07ACH         LINE#         147
  C:07AFH         LINE#         148
  C:07B2H         LINE#         149
  C:07B5H         LINE#         150
  C:07B8H         LINE#         151
  C:07BAH         LINE#         152
  C:07BAH         LINE#         153
  C:07BAH         LINE#         154
  C:07BDH         LINE#         155
  C:07C0H         LINE#         156
  C:07C0H         LINE#         157
  C:07C2H         LINE#         158
  C:07C5H         LINE#         159
  C:07C5H         LINE#         160
  C:07C8H         LINE#         161
  C:07C8H         LINE#         162
  C:07CAH         LINE#         163
  C:07CDH         LINE#         171
  C:07CDH         LINE#         172
  -------         ENDPROC       MAIN
  -------         PROC          TIMER0_ISR
  C:07CFH         LINE#         176
  C:07D3H         LINE#         178
  C:07D5H         LINE#         179
  C:07D7H         LINE#         180
BL51 BANKED LINKER/LOCATER V6.22.4.0                                                  06/12/2025  15:56:42  PAGE 7


  C:07DEH         LINE#         181
  C:07DEH         LINE#         182
  C:07E1H         LINE#         183
  C:07E3H         LINE#         184
  C:07E3H         LINE#         185
  C:07E8H         LINE#         186
  C:07EBH         LINE#         187
  -------         ENDPROC       TIMER0_ISR
  -------         ENDMOD        MAIN

  -------         MODULE        UART
  C:0000H         SYMBOL        _ICE_DUMMY_
  D:0080H         PUBLIC        P0
  D:0090H         PUBLIC        P1
  D:00A0H         PUBLIC        P2
  D:00B0H         PUBLIC        P3
  D:00C0H         PUBLIC        P4
  D:00C8H         PUBLIC        P5
  D:00E8H         PUBLIC        P6
  D:00F8H         PUBLIC        P7
  C:0003H         PUBLIC        _SendData
  D:00A8H         PUBLIC        IE
  B:00A8H.4       PUBLIC        ES
  D:00B8H         PUBLIC        IP
  B:0098H.0       PUBLIC        RI
  B:0098H.1       PUBLIC        TI
  D:0099H         PUBLIC        SBUF
  D:0098H         PUBLIC        SCON
  D:0089H         PUBLIC        TMOD
  D:0088H         PUBLIC        TCON
  D:00F0H         PUBLIC        B
  D:008EH         PUBLIC        AUXR
  B:0021H.5       SYMBOL        UartBusy
  C:082AH         PUBLIC        Uart1_Init
  D:00E0H         PUBLIC        ACC
  B:00A8H.3       PUBLIC        ET1
  D:008DH         PUBLIC        TH1
  D:008BH         PUBLIC        TL1
  B:0088H.6       PUBLIC        TR1
  C:0864H         PUBLIC        Uart1_Isr
  D:00D0H         PUBLIC        PSW
  -------         PROC          UART1_INIT
  C:082AH         LINE#         3
  C:082AH         LINE#         4
  C:082AH         LINE#         5
  C:082DH         LINE#         6
  C:0830H         LINE#         7
  C:0833H         LINE#         8
  C:0836H         LINE#         9
  C:0839H         LINE#         10
  C:083CH         LINE#         11
  C:083EH         LINE#         12
  C:0840H         LINE#         13
  C:0842H         LINE#         14
  -------         ENDPROC       UART1_INIT
  -------         PROC          _SENDDATA
  D:0007H         SYMBOL        dat
BL51 BANKED LINKER/LOCATER V6.22.4.0                                                  06/12/2025  15:56:42  PAGE 8


  C:0003H         LINE#         16
  C:0003H         LINE#         17
  C:0003H         LINE#         18
  C:0006H         LINE#         20
  C:0008H         LINE#         21
  C:000AH         LINE#         22
  -------         ENDPROC       _SENDDATA
  -------         PROC          UART1_ISR
  C:0864H         LINE#         24
  C:0864H         LINE#         26
  C:0867H         LINE#         27
  C:0867H         LINE#         28
  C:0869H         LINE#         29
  C:0869H         LINE#         30
  C:086CH         LINE#         31
  C:086CH         LINE#         32
  C:086EH         LINE#         33
  C:086EH         LINE#         34
  C:0870H         LINE#         35
  -------         ENDPROC       UART1_ISR
  -------         ENDMOD        UART

  -------         MODULE        ?C?COPY
  C:0452H         PUBLIC        ?C?COPY
  -------         ENDMOD        ?C?COPY

  -------         MODULE        ?C?SIDIV
  C:0478H         PUBLIC        ?C?SIDIV
  -------         ENDMOD        ?C?SIDIV

  -------         MODULE        PRINTF
  D:0041H         PUBLIC        ?_PRINTF517?BYTE
  D:0041H         PUBLIC        ?_PRINTF?BYTE
  D:0041H         PUBLIC        ?_SPRINTF517?BYTE
  D:0041H         PUBLIC        ?_SPRINTF?BYTE
  C:0088H         PUBLIC        _PRINTF
  C:0088H         PUBLIC        _PRINTF517
  C:0082H         PUBLIC        _SPRINTF
  C:0082H         PUBLIC        _SPRINTF517
  -------         ENDMOD        PRINTF

  -------         MODULE        STRLEN
  C:000EH         PUBLIC        _STRLEN
  -------         ENDMOD        STRLEN

  -------         MODULE        ?C?CLDPTR
  C:04AEH         PUBLIC        ?C?CLDPTR
  -------         ENDMOD        ?C?CLDPTR

  -------         MODULE        ?C?CLDOPTR
  C:04C7H         PUBLIC        ?C?CLDOPTR
  -------         ENDMOD        ?C?CLDOPTR

  -------         MODULE        ?C?CSTPTR
  C:04F4H         PUBLIC        ?C?CSTPTR
  -------         ENDMOD        ?C?CSTPTR

BL51 BANKED LINKER/LOCATER V6.22.4.0                                                  06/12/2025  15:56:42  PAGE 9


  -------         MODULE        ?C?UIDIV
  C:0506H         PUBLIC        ?C?UIDIV
  -------         ENDMOD        ?C?UIDIV

  -------         MODULE        ?C?PLDIIDATA
  C:055BH         PUBLIC        ?C?PLDIIDATA
  -------         ENDMOD        ?C?PLDIIDATA

  -------         MODULE        ?C?CCASE
  C:056BH         PUBLIC        ?C?CCASE
  -------         ENDMOD        ?C?CCASE

  -------         MODULE        PUTCHAR
  C:0760H         PUBLIC        _PUTCHAR
  -------         ENDMOD        PUTCHAR

Program Size: data=86.6 xdata=0 code=2161
LINK/LOCATE RUN COMPLETE.  0 WARNING(S),  0 ERROR(S)
