BL51 BANKED LINKER/LOCATER V6.22.4.0                                                    05/06/2025  20:08:44  PAGE 1


BL51 BANKED LINKER/LOCATER V6.22.4.0, INVOKED BY:
C:\KEIL_V5\C51\BIN\BL51.EXE .\Objects\STARTUP.obj, .\Objects\main.obj TO .\Objects\goBack PRINT (.\Listings\goBack.m51) 
>> RAMSIZE (256)


MEMORY MODEL: SMALL


INPUT MODULES INCLUDED:
  .\Objects\STARTUP.obj (?C_STARTUP)
  .\Objects\main.obj (MAIN)
  C:\KEIL_V5\C51\LIB\C51S.LIB (?C_INIT)
  C:\KEIL_V5\C51\LIB\C51S.LIB (?C?COPY)
  C:\KEIL_V5\C51\LIB\C51S.LIB (?C?SIDIV)
  C:\KEIL_V5\C51\LIB\C51S.LIB (PRINTF)
  C:\KEIL_V5\C51\LIB\C51S.LIB (STRLEN)
  C:\KEIL_V5\C51\LIB\C51S.LIB (?C?CLDPTR)
  C:\KEIL_V5\C51\LIB\C51S.LIB (?C?CLDOPTR)
  C:\KEIL_V5\C51\LIB\C51S.LIB (?C?CSTPTR)
  C:\KEIL_V5\C51\LIB\C51S.LIB (?C?UIDIV)
  C:\KEIL_V5\C51\LIB\C51S.LIB (?C?PLDIIDATA)
  C:\KEIL_V5\C51\LIB\C51S.LIB (?C?CCASE)
  C:\KEIL_V5\C51\LIB\C51S.LIB (PUTCHAR)


LINK MAP OF MODULE:  .\Objects\goBack (?C_STARTUP)


            TYPE    BASE      LENGTH    RELOCATION   SEGMENT NAME
            -----------------------------------------------------

            * * * * * * *   D A T A   M E M O R Y   * * * * * * *
            REG     0000H     0008H     ABSOLUTE     "REG BANK 0"
                    0008H     0018H                  *** GAP ***
            BIT     0020H.0   0001H.1   UNIT         _BIT_GROUP_
            BIT     0021H.1   0000H.4   UNIT         ?BI?MAIN
                    0021H.5   0000H.3                *** GAP ***
            DATA    0022H     0031H     UNIT         _DATA_GROUP_
            DATA    0053H     0019H     UNIT         ?DT?MAIN
            IDATA   006CH     0001H     UNIT         ?STACK

            * * * * * * *   C O D E   M E M O R Y   * * * * * * *
            CODE    0000H     0003H     ABSOLUTE     
                    0003H     0008H                  *** GAP ***
            CODE    000BH     0003H     ABSOLUTE     
            CODE    000EH     0015H     UNIT         ?PR?_STRLEN?STRLEN
            CODE    0023H     0003H     ABSOLUTE     
            CODE    0026H     035CH     UNIT         ?PR?PRINTF?PRINTF
            CODE    0382H     020FH     UNIT         ?C?LIB_CODE
            CODE    0591H     00B7H     UNIT         ?PR?LED_SHOW?MAIN
            CODE    0648H     008CH     UNIT         ?C_C51STARTUP
            CODE    06D4H     0034H     UNIT         ?PR?TIMECAL?MAIN
            CODE    0708H     002BH     UNIT         ?PR?MAIN?MAIN
            CODE    0733H     002AH     UNIT         ?PR?STATECHECK?MAIN
            CODE    075DH     0027H     UNIT         ?PR?PUTCHAR?PUTCHAR
            CODE    0784H     0025H     UNIT         ?PR?KEYCHECK?MAIN
            CODE    07A9H     001EH     UNIT         ?C_INITSEG
            CODE    07C7H     001AH     UNIT         ?CO?MAIN
BL51 BANKED LINKER/LOCATER V6.22.4.0                                                  05/06/2025  20:08:44  PAGE 2


            CODE    07E1H     0019H     UNIT         ?PR?UART1_INIT?MAIN
            CODE    07FAH     0017H     UNIT         ?PR?TIMER0_ISR?MAIN
            CODE    0811H     0013H     UNIT         ?PR?TIMER0_INIT?MAIN
            CODE    0824H     000EH     UNIT         ?PR?TIMERESET?MAIN
            CODE    0832H     000DH     UNIT         ?PR?UART1_ISR?MAIN
            CODE    083FH     000CH     UNIT         ?PR?_SENDDATA?MAIN



OVERLAY MAP OF MODULE:   .\Objects\goBack (?C_STARTUP)


SEGMENT                           BIT_GROUP          DATA_GROUP 
  +--> CALLED SEGMENT          START    LENGTH     START    LENGTH
------------------------------------------------------------------
?C_C51STARTUP                  -----    -----      -----    -----
  +--> ?PR?MAIN?MAIN
  +--> ?C_INITSEG

?PR?MAIN?MAIN                  -----    -----      -----    -----
  +--> ?PR?TIMER0_INIT?MAIN
  +--> ?PR?UART1_INIT?MAIN
  +--> ?PR?STATECHECK?MAIN
  +--> ?PR?KEYCHECK?MAIN
  +--> ?PR?TIMECAL?MAIN
  +--> ?PR?LED_SHOW?MAIN

?PR?STATECHECK?MAIN            -----    -----      -----    -----
  +--> ?PR?TIMERESET?MAIN

?PR?LED_SHOW?MAIN              -----    -----      0022H    001DH
  +--> ?CO?MAIN
  +--> ?PR?PRINTF?PRINTF
  +--> ?PR?_STRLEN?STRLEN
  +--> ?PR?_SENDDATA?MAIN

?PR?PRINTF?PRINTF              0020H.0  0001H.1    003FH    0014H
  +--> ?PR?PUTCHAR?PUTCHAR



SYMBOL TABLE OF MODULE:  .\Objects\goBack (?C_STARTUP)

  VALUE           TYPE          NAME
  ----------------------------------

  -------         MODULE        ?C_STARTUP
  C:0648H         SEGMENT       ?C_C51STARTUP
  I:006CH         SEGMENT       ?STACK
  C:0000H         PUBLIC        ?C_STARTUP
  D:00E0H         SYMBOL        ACC
  D:00F0H         SYMBOL        B
  D:0083H         SYMBOL        DPH
  D:0082H         SYMBOL        DPL
  N:0000H         SYMBOL        IBPSTACK
  N:0100H         SYMBOL        IBPSTACKTOP
  N:0080H         SYMBOL        IDATALEN
BL51 BANKED LINKER/LOCATER V6.22.4.0                                                  05/06/2025  20:08:44  PAGE 3


  C:064BH         SYMBOL        IDATALOOP
  N:0000H         SYMBOL        PBPSTACK
  N:0100H         SYMBOL        PBPSTACKTOP
  N:0000H         SYMBOL        PDATALEN
  N:0000H         SYMBOL        PDATASTART
  N:0000H         SYMBOL        PPAGE
  N:0000H         SYMBOL        PPAGEENABLE
  D:00A0H         SYMBOL        PPAGE_SFR
  D:0081H         SYMBOL        SP
  C:0648H         SYMBOL        STARTUP1
  N:0000H         SYMBOL        XBPSTACK
  N:0000H         SYMBOL        XBPSTACKTOP
  N:0000H         SYMBOL        XDATALEN
  N:0000H         SYMBOL        XDATASTART
  C:0000H         LINE#         126
  C:0648H         LINE#         133
  C:064AH         LINE#         134
  C:064BH         LINE#         135
  C:064CH         LINE#         136
  C:064EH         LINE#         185
  C:0651H         LINE#         196
  -------         ENDMOD        ?C_STARTUP

  -------         MODULE        MAIN
  C:0000H         SYMBOL        _ICE_DUMMY_
  D:0080H         PUBLIC        P0
  D:00B2H         PUBLIC        P3M0
  D:0090H         PUBLIC        P1
  D:00B1H         PUBLIC        P3M1
  D:00A0H         PUBLIC        P2
  D:00B0H         PUBLIC        P3
  D:00C0H         PUBLIC        P4
  D:00C8H         PUBLIC        P5
  D:00E8H         PUBLIC        P6
  B:00A8H.7       PUBLIC        EA
  D:00F8H         PUBLIC        P7
  C:0843H         PUBLIC        _SendData
  D:0054H         SYMBOL        minutes
  C:0784H         PUBLIC        KeyCheck
  D:00A8H         PUBLIC        IE
  D:0056H         SYMBOL        milliseconds
  B:0021H.1       SYMBOL        KeyReset_State
  C:0824H         PUBLIC        TimeReset
  B:00A8H.4       PUBLIC        ES
  D:00B8H         PUBLIC        IP
  B:0098H.0       PUBLIC        RI
  B:0021H.2       SYMBOL        trigger_10ms
  B:0098H.1       PUBLIC        TI
  C:06D4H         PUBLIC        TimeCal
  C:0708H         PUBLIC        main
  D:0058H         SYMBOL        trigger_10ms_count
  C:0811H         PUBLIC        Timer0_Init
  D:0099H         PUBLIC        SBUF
  D:0098H         PUBLIC        SCON
  B:00B0H.2       PUBLIC        P32
  D:0089H         PUBLIC        TMOD
  D:0088H         PUBLIC        TCON
BL51 BANKED LINKER/LOCATER V6.22.4.0                                                  05/06/2025  20:08:44  PAGE 4


  B:00B0H.5       PUBLIC        P35
  B:00B0H.6       PUBLIC        P36
  D:00F0H         PUBLIC        B
  D:008EH         PUBLIC        AUXR
  C:07D6H         SYMBOL        _?ix1000
  C:07FAH         PUBLIC        Timer0_Isr
  C:07DAH         SYMBOL        _?ix1001
  B:0021H.3       SYMBOL        UartBusy
  C:07E1H         PUBLIC        Uart1_Init
  D:00E0H         PUBLIC        ACC
  B:00A8H.1       PUBLIC        ET0
  B:00A8H.3       PUBLIC        ET1
  B:0088H.5       PUBLIC        TF0
  D:008CH         PUBLIC        TH0
  D:008DH         PUBLIC        TH1
  D:008AH         PUBLIC        TL0
  D:008BH         PUBLIC        TL1
  B:0088H.4       PUBLIC        TR0
  B:0088H.6       PUBLIC        TR1
  C:0591H         PUBLIC        LED_Show
  C:0832H         PUBLIC        Uart1_Isr
  C:0733H         PUBLIC        StateCheck
  D:0059H         SYMBOL        RunningState
  B:0021H.4       SYMBOL        trigger_1ms
  D:005AH         SYMBOL        seconds
  D:005CH         SYMBOL        tableDebug
  D:00D0H         PUBLIC        PSW
  -------         PROC          UART1_INIT
  C:07E1H         LINE#         13
  C:07E1H         LINE#         14
  C:07E1H         LINE#         15
  C:07E4H         LINE#         16
  C:07E7H         LINE#         17
  C:07EAH         LINE#         18
  C:07EDH         LINE#         19
  C:07F0H         LINE#         20
  C:07F3H         LINE#         21
  C:07F5H         LINE#         22
  C:07F7H         LINE#         23
  C:07F9H         LINE#         24
  -------         ENDPROC       UART1_INIT
  -------         PROC          TIMER0_INIT
  C:0811H         LINE#         25
  C:0811H         LINE#         26
  C:0811H         LINE#         27
  C:0814H         LINE#         28
  C:0817H         LINE#         29
  C:081AH         LINE#         30
  C:081DH         LINE#         31
  C:081FH         LINE#         32
  C:0821H         LINE#         33
  C:0823H         LINE#         34
  -------         ENDPROC       TIMER0_INIT
  C:083FH         SYMBOL        L?0062
  -------         PROC          L?0061
  -------         ENDPROC       L?0061
  C:083FH         SYMBOL        L?0062
BL51 BANKED LINKER/LOCATER V6.22.4.0                                                  05/06/2025  20:08:44  PAGE 5


  -------         PROC          _SENDDATA
  D:0007H         SYMBOL        dat
  C:0843H         LINE#         35
  C:0843H         LINE#         36
  C:0843H         LINE#         37
  C:0846H         LINE#         39
  C:0848H         LINE#         40
  C:084AH         LINE#         41
  -------         ENDPROC       _SENDDATA
  -------         PROC          KEYCHECK
  -------         DO            
  D:0053H         SYMBOL        Key_Status_Check
  -------         ENDDO         
  C:0784H         LINE#         43
  C:0784H         LINE#         44
  C:0784H         LINE#         46
  C:0790H         LINE#         47
  C:0790H         LINE#         48
  C:0790H         LINE#         49
  C:0793H         LINE#         50
  C:0796H         LINE#         51
  C:0797H         LINE#         53
  C:0797H         LINE#         54
  C:079AH         LINE#         55
  C:079AH         LINE#         56
  C:079CH         LINE#         57
  C:079FH         LINE#         58
  C:07A0H         LINE#         63
  C:07A0H         LINE#         64
  C:07A3H         LINE#         65
  C:07A3H         LINE#         66
  C:07A5H         LINE#         67
  C:07A5H         LINE#         68
  C:07A8H         LINE#         69
  C:07A8H         LINE#         70
  C:07A8H         LINE#         71
  -------         ENDPROC       KEYCHECK
  -------         PROC          STATECHECK
  C:0733H         LINE#         73
  C:0733H         LINE#         74
  C:0733H         LINE#         75
  C:0736H         LINE#         76
  C:0736H         LINE#         77
  C:0738H         LINE#         78
  C:073BH         LINE#         79
  C:073EH         LINE#         80
  C:073EH         LINE#         81
  C:0746H         LINE#         82
  C:0746H         LINE#         83
  C:0746H         LINE#         84
  C:0749H         LINE#         85
  C:074CH         LINE#         86
  C:074EH         LINE#         87
  C:074EH         LINE#         88
  C:0751H         LINE#         89
  C:0754H         LINE#         90
  C:0754H         LINE#         91
BL51 BANKED LINKER/LOCATER V6.22.4.0                                                  05/06/2025  20:08:44  PAGE 6


  C:0754H         LINE#         92
  C:0754H         LINE#         93
  C:0754H         LINE#         94
  C:0759H         LINE#         95
  C:075CH         LINE#         96
  -------         ENDPROC       STATECHECK
  -------         PROC          TIMERESET
  C:0824H         LINE#         98
  C:0824H         LINE#         99
  C:0824H         LINE#         100
  C:0829H         LINE#         101
  C:082DH         LINE#         102
  C:0831H         LINE#         103
  -------         ENDPROC       TIMERESET
  -------         PROC          TIMECAL
  C:06D4H         LINE#         104
  C:06D4H         LINE#         105
  C:06D4H         LINE#         106
  C:06DCH         LINE#         107
  C:06E5H         LINE#         108
  C:06E5H         LINE#         109
  C:06EAH         LINE#         110
  C:06F2H         LINE#         111
  C:06FAH         LINE#         112
  C:06FAH         LINE#         113
  C:06FFH         LINE#         114
  C:0707H         LINE#         115
  C:0707H         LINE#         116
  C:0707H         LINE#         117
  -------         ENDPROC       TIMECAL
  -------         PROC          LED_SHOW
  -------         DO            
  D:0022H         SYMBOL        tableHead
  D:0026H         SYMBOL        tableDisplaySettting
  D:002DH         SYMBOL        tableTimeData
  D:003DH         SYMBOL        tableEnd
  D:0006H         SYMBOL        length
  D:0005H         SYMBOL        i
  D:003EH         SYMBOL        sum
  -------         ENDDO         
  C:0591H         LINE#         118
  C:0591H         LINE#         119
  C:0591H         LINE#         120
  C:05A4H         LINE#         123
  C:05B7H         LINE#         133
  C:05BAH         LINE#         134
  C:05BCH         LINE#         136
  C:05E8H         LINE#         137
  C:05F3H         LINE#         139
  C:05F5H         LINE#         140
  C:0602H         LINE#         141
  C:0609H         LINE#         142
  C:0615H         LINE#         144
  C:0619H         LINE#         147
  C:061EH         LINE#         149
  C:0620H         LINE#         150
  C:0629H         LINE#         151
BL51 BANKED LINKER/LOCATER V6.22.4.0                                                  05/06/2025  20:08:44  PAGE 7


  C:062BH         LINE#         152
  C:0634H         LINE#         153
  C:063BH         LINE#         154
  C:0643H         LINE#         155
  -------         ENDPROC       LED_SHOW
  -------         PROC          MAIN
  C:0708H         LINE#         158
  C:0708H         LINE#         159
  C:0708H         LINE#         160
  C:070BH         LINE#         161
  C:070EH         LINE#         162
  C:0711H         LINE#         163
  C:0714H         LINE#         164
  C:0716H         LINE#         165
  C:0716H         LINE#         166
  C:0716H         LINE#         167
  C:0719H         LINE#         168
  C:071CH         LINE#         169
  C:071CH         LINE#         170
  C:071EH         LINE#         171
  C:0721H         LINE#         172
  C:0726H         LINE#         173
  C:0729H         LINE#         174
  C:0729H         LINE#         175
  C:072CH         LINE#         176
  C:072CH         LINE#         177
  C:072EH         LINE#         178
  C:0731H         LINE#         186
  C:0731H         LINE#         187
  -------         ENDPROC       MAIN
  -------         PROC          TIMER0_ISR
  C:07FAH         LINE#         191
  C:07FEH         LINE#         193
  C:0800H         LINE#         194
  C:0807H         LINE#         195
  C:0807H         LINE#         196
  C:080AH         LINE#         197
  C:080CH         LINE#         198
  C:080CH         LINE#         199
  -------         ENDPROC       TIMER0_ISR
  -------         PROC          UART1_ISR
  C:0832H         LINE#         201
  C:0832H         LINE#         203
  C:0835H         LINE#         204
  C:0835H         LINE#         205
  C:0837H         LINE#         206
  C:0837H         LINE#         207
  C:083AH         LINE#         208
  C:083AH         LINE#         209
  C:083CH         LINE#         210
  C:083CH         LINE#         211
  C:083EH         LINE#         212
  -------         ENDPROC       UART1_ISR
  -------         ENDMOD        MAIN

  -------         MODULE        ?C?COPY
  C:0452H         PUBLIC        ?C?COPY
BL51 BANKED LINKER/LOCATER V6.22.4.0                                                  05/06/2025  20:08:44  PAGE 8


  -------         ENDMOD        ?C?COPY

  -------         MODULE        ?C?SIDIV
  C:0478H         PUBLIC        ?C?SIDIV
  -------         ENDMOD        ?C?SIDIV

  -------         MODULE        PRINTF
  D:003FH         PUBLIC        ?_PRINTF517?BYTE
  D:003FH         PUBLIC        ?_PRINTF?BYTE
  D:003FH         PUBLIC        ?_SPRINTF517?BYTE
  D:003FH         PUBLIC        ?_SPRINTF?BYTE
  C:0088H         PUBLIC        _PRINTF
  C:0088H         PUBLIC        _PRINTF517
  C:0082H         PUBLIC        _SPRINTF
  C:0082H         PUBLIC        _SPRINTF517
  -------         ENDMOD        PRINTF

  -------         MODULE        STRLEN
  C:000EH         PUBLIC        _STRLEN
  -------         ENDMOD        STRLEN

  -------         MODULE        ?C?CLDPTR
  C:04AEH         PUBLIC        ?C?CLDPTR
  -------         ENDMOD        ?C?CLDPTR

  -------         MODULE        ?C?CLDOPTR
  C:04C7H         PUBLIC        ?C?CLDOPTR
  -------         ENDMOD        ?C?CLDOPTR

  -------         MODULE        ?C?CSTPTR
  C:04F4H         PUBLIC        ?C?CSTPTR
  -------         ENDMOD        ?C?CSTPTR

  -------         MODULE        ?C?UIDIV
  C:0506H         PUBLIC        ?C?UIDIV
  -------         ENDMOD        ?C?UIDIV

  -------         MODULE        ?C?PLDIIDATA
  C:055BH         PUBLIC        ?C?PLDIIDATA
  -------         ENDMOD        ?C?PLDIIDATA

  -------         MODULE        ?C?CCASE
  C:056BH         PUBLIC        ?C?CCASE
  -------         ENDMOD        ?C?CCASE

  -------         MODULE        PUTCHAR
  C:075DH         PUBLIC        _PUTCHAR
  -------         ENDMOD        PUTCHAR

Program Size: data=84.5 xdata=0 code=2115
LINK/LOCATE RUN COMPLETE.  0 WARNING(S),  0 ERROR(S)
