C51 COMPILER V9.60.7.0   KEY                                                               05/02/2025 20:23:47 PAGE 1   


C51 COMPILER V9.60.7.0, COMPILATION OF MODULE KEY
OBJECT MODULE PLACED IN .\Objects\Key.obj
COMPILER INVOKED BY: C:\Keil_v5\C51\BIN\C51.EXE User\Key.c OPTIMIZE(8,SPEED) BROWSE DEBUG OBJECTEXTEND PRINT(.\Listings\
                    -Key.lst) TABS(2) OBJECT(.\Objects\Key.obj)

line level    source

   1          #include "Key.h"
   2          
   3          void KeyCheck() // 按键检测
   4          {
   5   1          static unsigned char Key_Status_Check = 0; // 定义按键状态判断，0为默认状态，1为去抖
             -检测，2表示按键松开
   6   1          switch (Key_Status_Check)
   7   1          {
   8   2          case 0:                       // 默认状态
   9   2              if (P26 == 0)             // 检测按键电位为0
  10   2                  Key_Status_Check = 1; // 视按键为按下，进入去抖检测
  11   2              break;
  12   2      
  13   2          case 1:           // 判断按键是否真的按下
  14   2              if (P26 == 0) // 检测按键电位为低，若这一步仍为0，则判定这次按下通过
  15   2              {
  16   3                  KeyResetState = 1;    // 返回按键被按下的状态
  17   3                  Key_Status_Check = 2; // 进入下一个状态：等待按键松开
  18   3              }
  19   2              else // 按键电位变高，说明仍有干扰，返回默认状态
  20   2              {
  21   3                  Key_Status_Check = 0; // 检测状态重置为默认
  22   3              }
  23   2              break;
  24   2      
  25   2          case 2:                       // 等待按键松开
  26   2              if (P26 == 1)             // 按键电位为高，视为松开
  27   2                  Key_Status_Check = 0; // 检测状态重置为默认
  28   2              break;
  29   2          default:
  30   2              Key_Status_Check = 0; // 其它情况均重置为默认
  31   2              break;
  32   2          }
  33   1      }


MODULE INFORMATION:   STATIC OVERLAYABLE
   CODE SIZE        =     37    ----
   CONSTANT SIZE    =   ----    ----
   XDATA SIZE       =   ----    ----
   PDATA SIZE       =   ----    ----
   DATA SIZE        =      1    ----
   IDATA SIZE       =   ----    ----
   BIT SIZE         =      1    ----
END OF MODULE INFORMATION.


C51 COMPILATION COMPLETE.  0 WARNING(S),  0 ERROR(S)
