C51 COMPILER V9.60.7.0   UART                                                              05/11/2025 17:24:52 PAGE 1   


C51 COMPILER V9.60.7.0, COMPILATION OF MODULE UART
OBJECT MODULE PLACED IN .\Objects\Uart.obj
COMPILER INVOKED BY: C:\Keil_v5\C51\BIN\C51.EXE User\Uart.c OPTIMIZE(8,SPEED) BROWSE DEBUG OBJECTEXTEND PRINT(.\Listings
                    -\Uart.lst) TABS(2) OBJECT(.\Objects\Uart.obj)

line level    source

   1          #include "Uart.h"
   2          
   3          void Uart1_Init(void) // 115200bps@11.0592MHz
   4          {
   5   1          SCON = 0x50;  // 8位数据,可变波特率
   6   1          AUXR |= 0x40; // 定时器时钟1T模式
   7   1          AUXR &= 0xFE; // 串口1选择定时器1为波特率发生器
   8   1          TMOD &= 0x0F; // 设置定时器模式
   9   1          TL1 = 0xE8;   // 设置定时初始值
  10   1          TH1 = 0xFF;   // 设置定时初始值
  11   1          ET1 = 0;      // 禁止定时器中断
  12   1          TR1 = 1;      // 定时器1开始计时
  13   1          ES = 1;       // 使能串口1中断
  14   1      }
  15          
  16          void SendData(unsigned char dat)
  17          {
  18   1          while (UartBusy)
  19   1              ; // 等待前面的数据发送完成
  20   1          UartBusy = 1;
  21   1          SBUF = dat; // 写数据到UART数据寄存器
  22   1      }
  23          
  24          void Uart1_Isr(void) interrupt 4
  25          {
  26   1          if (TI) // 检测串口1发送中断
  27   1          {
  28   2              TI = 0; // 清除串口1发送中断请求位
  29   2          }
  30   1          if (RI) // 检测串口1接收中断
  31   1          {
  32   2              RI = 0; // 清除串口1接收中断请求位
  33   2          }
  34   1          UartBusy = 0;
  35   1      }


MODULE INFORMATION:   STATIC OVERLAYABLE
   CODE SIZE        =     46    ----
   CONSTANT SIZE    =   ----    ----
   XDATA SIZE       =   ----    ----
   PDATA SIZE       =   ----    ----
   DATA SIZE        =   ----    ----
   IDATA SIZE       =   ----    ----
   BIT SIZE         =      1    ----
END OF MODULE INFORMATION.


C51 COMPILATION COMPLETE.  0 WARNING(S),  0 ERROR(S)
