BL51 BANKED LINKER/LOCATER V6.22.4.0                                                    05/02/2025  19:51:20  PAGE 1


BL51 BANKED LINKER/LOCATER V6.22.4.0, INVOKED BY:
C:\KEIL_V5\C51\BIN\BL51.EXE .\Objects\STARTUP.obj, .\Objects\main.obj, .\Objects\Key.obj, .\Objects\Uart.obj TO .\Object
>> s\new PRINT (.\Listings\new.m51)


MEMORY MODEL: SMALL


INPUT MODULES INCLUDED:
  .\Objects\STARTUP.obj (?C_STARTUP)
  .\Objects\main.obj (MAIN)
  .\Objects\Key.obj (KEY)
  .\Objects\Uart.obj (UART)
  C:\KEIL_V5\C51\LIB\C51S.LIB (?C_INIT)
  C:\KEIL_V5\C51\LIB\C51S.LIB (?C?COPY)
  C:\KEIL_V5\C51\LIB\C51S.LIB (?C?SIDIV)
  C:\KEIL_V5\C51\LIB\C51S.LIB (PRINTF)
  C:\KEIL_V5\C51\LIB\C51S.LIB (STRLEN)
  C:\KEIL_V5\C51\LIB\C51S.LIB (?C?CLDPTR)
  C:\KEIL_V5\C51\LIB\C51S.LIB (?C?CLDOPTR)
  C:\KEIL_V5\C51\LIB\C51S.LIB (?C?CSTPTR)
  C:\KEIL_V5\C51\LIB\C51S.LIB (?C?UIDIV)
  C:\KEIL_V5\C51\LIB\C51S.LIB (?C?PLDIIDATA)
  C:\KEIL_V5\C51\LIB\C51S.LIB (?C?CCASE)
  C:\KEIL_V5\C51\LIB\C51S.LIB (PUTCHAR)


LINK MAP OF MODULE:  .\Objects\new (?C_STARTUP)


            TYPE    BASE      LENGTH    RELOCATION   SEGMENT NAME
            -----------------------------------------------------

            * * * * * * *   D A T A   M E M O R Y   * * * * * * *
            REG     0000H     0008H     ABSOLUTE     "REG BANK 0"
            DATA    0008H     0008H     UNIT         ?DT?MAIN
            DATA    0010H     0001H     UNIT         ?DT?KEY
            DATA    0011H     0001H     UNIT         ?DT?UART
                    0012H     000EH                  *** GAP ***
            BIT     0020H.0   0001H.1   UNIT         _BIT_GROUP_
            BIT     0021H.1   0000H.5   UNIT         ?BI?MAIN
            BIT     0021H.6   0000H.2   UNIT         ?BI?UART
            BIT     0022H.0   0000H.1   UNIT         ?BI?KEY
                    0022H.1   0000H.7                *** GAP ***
            DATA    0023H     0033H     UNIT         _DATA_GROUP_
            IDATA   0056H     0001H     UNIT         ?STACK

            * * * * * * *   C O D E   M E M O R Y   * * * * * * *
            CODE    0000H     0003H     ABSOLUTE     
            CODE    0003H     0008H     UNIT         ?PR?_SENDDATA?UART
            CODE    000BH     0003H     ABSOLUTE     
            CODE    000EH     000DH     UNIT         ?PR?UART1_ISR?UART
            CODE    001BH     0003H     ABSOLUTE     
            CODE    001EH     0005H     UNIT         ?PR?TIMER1_ISR?MAIN
            CODE    0023H     0003H     ABSOLUTE     
            CODE    0026H     035CH     UNIT         ?PR?PRINTF?PRINTF
            CODE    0382H     020FH     UNIT         ?C?LIB_CODE
            CODE    0591H     00E5H     UNIT         ?PR?LED_SHOW?MAIN
BL51 BANKED LINKER/LOCATER V6.22.4.0                                                  05/02/2025  19:51:20  PAGE 2


            CODE    0676H     008CH     UNIT         ?C_C51STARTUP
            CODE    0702H     0042H     UNIT         ?PR?TIMER0_ISR?MAIN
            CODE    0744H     0036H     UNIT         ?PR?TIMECOUNT?MAIN
            CODE    077AH     002BH     UNIT         ?PR?MAIN?MAIN
            CODE    07A5H     0029H     UNIT         ?C_INITSEG
            CODE    07CEH     0027H     UNIT         ?PR?PUTCHAR?PUTCHAR
            CODE    07F5H     0025H     UNIT         ?PR?KEYCHECK?KEY
            CODE    081AH     001AH     UNIT         ?PR?STATECHECK?MAIN
            CODE    0834H     001AH     UNIT         ?CO?MAIN
            CODE    084EH     0019H     UNIT         ?PR?UART1_INIT?UART
            CODE    0867H     0015H     UNIT         ?PR?_STRLEN?STRLEN
            CODE    087CH     0013H     UNIT         ?PR?TIMER0_INIT?MAIN
            CODE    088FH     0013H     UNIT         ?PR?TIMER1_INIT?MAIN



OVERLAY MAP OF MODULE:   .\Objects\new (?C_STARTUP)


SEGMENT                           BIT_GROUP          DATA_GROUP 
  +--> CALLED SEGMENT          START    LENGTH     START    LENGTH
------------------------------------------------------------------
?C_C51STARTUP                  -----    -----      -----    -----
  +--> ?PR?MAIN?MAIN
  +--> ?C_INITSEG

?PR?MAIN?MAIN                  -----    -----      -----    -----
  +--> ?PR?TIMER0_INIT?MAIN
  +--> ?PR?TIMER1_INIT?MAIN
  +--> ?PR?UART1_INIT?UART
  +--> ?PR?KEYCHECK?KEY
  +--> ?PR?STATECHECK?MAIN

*** NEW ROOT ***************************************************

?PR?TIMER0_ISR?MAIN            -----    -----      -----    -----
  +--> ?PR?TIMECOUNT?MAIN
  +--> ?PR?LED_SHOW?MAIN

?PR?LED_SHOW?MAIN              -----    -----      0023H    001FH
  +--> ?CO?MAIN
  +--> ?PR?PRINTF?PRINTF
  +--> ?PR?_STRLEN?STRLEN
  +--> ?PR?_SENDDATA?UART

?PR?PRINTF?PRINTF              0020H.0  0001H.1    0042H    0014H
  +--> ?PR?PUTCHAR?PUTCHAR



SYMBOL TABLE OF MODULE:  .\Objects\new (?C_STARTUP)

  VALUE           TYPE          NAME
  ----------------------------------

  -------         MODULE        ?C_STARTUP
  C:0676H         SEGMENT       ?C_C51STARTUP
BL51 BANKED LINKER/LOCATER V6.22.4.0                                                  05/02/2025  19:51:20  PAGE 3


  I:0056H         SEGMENT       ?STACK
  C:0000H         PUBLIC        ?C_STARTUP
  D:00E0H         SYMBOL        ACC
  D:00F0H         SYMBOL        B
  D:0083H         SYMBOL        DPH
  D:0082H         SYMBOL        DPL
  N:0000H         SYMBOL        IBPSTACK
  N:0100H         SYMBOL        IBPSTACKTOP
  N:0080H         SYMBOL        IDATALEN
  C:0679H         SYMBOL        IDATALOOP
  N:0000H         SYMBOL        PBPSTACK
  N:0100H         SYMBOL        PBPSTACKTOP
  N:0000H         SYMBOL        PDATALEN
  N:0000H         SYMBOL        PDATASTART
  N:0000H         SYMBOL        PPAGE
  N:0000H         SYMBOL        PPAGEENABLE
  D:00A0H         SYMBOL        PPAGE_SFR
  D:0081H         SYMBOL        SP
  C:0676H         SYMBOL        STARTUP1
  N:0000H         SYMBOL        XBPSTACK
  N:0000H         SYMBOL        XBPSTACKTOP
  N:0000H         SYMBOL        XDATALEN
  N:0000H         SYMBOL        XDATASTART
  C:0000H         LINE#         126
  C:0676H         LINE#         133
  C:0678H         LINE#         134
  C:0679H         LINE#         135
  C:067AH         LINE#         136
  C:067CH         LINE#         185
  C:067FH         LINE#         196
  -------         ENDMOD        ?C_STARTUP

  -------         MODULE        MAIN
  C:0000H         SYMBOL        _ICE_DUMMY_
  D:0008H         PUBLIC        second
  D:0080H         PUBLIC        P0
  D:0090H         PUBLIC        P1
  D:00A0H         PUBLIC        P2
  D:00B0H         PUBLIC        P3
  D:00C0H         PUBLIC        P4
  D:00C8H         PUBLIC        P5
  D:00E8H         PUBLIC        P6
  B:00A8H.7       PUBLIC        EA
  D:00F8H         PUBLIC        P7
  D:00A8H         PUBLIC        IE
  D:000AH         SYMBOL        minute
  D:00B8H         PUBLIC        IP
  D:000CH         SYMBOL        millisecond
  B:0021H.1       SYMBOL        trigger_10ms
  C:0744H         PUBLIC        TimeCount
  C:077AH         PUBLIC        main
  C:087CH         PUBLIC        Timer0_Init
  C:088FH         PUBLIC        Timer1_Init
  D:0098H         PUBLIC        SCON
  D:0089H         PUBLIC        TMOD
  D:0088H         PUBLIC        TCON
  B:0021H.2       SYMBOL        KeyResetState
BL51 BANKED LINKER/LOCATER V6.22.4.0                                                  05/02/2025  19:51:20  PAGE 4


  D:000EH         SYMBOL        UartColdDown
  D:00F0H         PUBLIC        B
  D:008EH         PUBLIC        AUXR
  C:0843H         SYMBOL        _?ix1000
  C:0702H         PUBLIC        Timer0_Isr
  C:0847H         SYMBOL        _?ix1001
  B:0021H.3       SYMBOL        UartBusy
  C:001EH         PUBLIC        Timer1_Isr
  D:00E0H         PUBLIC        ACC
  B:00A8H.1       PUBLIC        ET0
  B:00A8H.3       PUBLIC        ET1
  B:0088H.5       PUBLIC        TF0
  B:0088H.7       PUBLIC        TF1
  D:008CH         PUBLIC        TH0
  D:008DH         PUBLIC        TH1
  D:008AH         PUBLIC        TL0
  D:008BH         PUBLIC        TL1
  B:0088H.4       PUBLIC        TR0
  B:0088H.6       PUBLIC        TR1
  C:0591H         PUBLIC        LED_Show
  B:0021H.4       SYMBOL        Uartwork
  C:081AH         PUBLIC        StateCheck
  D:000FH         SYMBOL        RunningState
  B:0021H.5       SYMBOL        trigger_1ms
  D:00D0H         PUBLIC        PSW
  -------         PROC          TIMER0_INIT
  C:087CH         LINE#         17
  C:087CH         LINE#         18
  C:087CH         LINE#         19
  C:087FH         LINE#         20
  C:0882H         LINE#         21
  C:0885H         LINE#         22
  C:0888H         LINE#         23
  C:088AH         LINE#         24
  C:088CH         LINE#         25
  C:088EH         LINE#         26
  -------         ENDPROC       TIMER0_INIT
  -------         PROC          TIMER1_INIT
  C:088FH         LINE#         28
  C:088FH         LINE#         29
  C:088FH         LINE#         30
  C:0892H         LINE#         31
  C:0895H         LINE#         32
  C:0898H         LINE#         33
  C:089BH         LINE#         34
  C:089DH         LINE#         35
  C:089FH         LINE#         36
  C:08A1H         LINE#         37
  -------         ENDPROC       TIMER1_INIT
  -------         PROC          STATECHECK
  C:081AH         LINE#         39
  C:081AH         LINE#         40
  C:081AH         LINE#         41
  C:081DH         LINE#         42
  C:081DH         LINE#         43
  C:081FH         LINE#         44
  C:0821H         LINE#         45
BL51 BANKED LINKER/LOCATER V6.22.4.0                                                  05/02/2025  19:51:20  PAGE 5


  C:0821H         LINE#         46
  C:0828H         LINE#         47
  C:0828H         LINE#         48
  C:082BH         LINE#         49
  C:082FH         LINE#         50
  C:0833H         LINE#         51
  C:0833H         LINE#         52
  -------         ENDPROC       STATECHECK
  -------         PROC          TIMECOUNT
  C:0744H         LINE#         54
  C:0744H         LINE#         55
  C:0744H         LINE#         56
  C:074CH         LINE#         57
  C:0755H         LINE#         58
  C:0755H         LINE#         59
  C:075DH         LINE#         60
  C:0762H         LINE#         61
  C:076CH         LINE#         62
  C:076CH         LINE#         63
  C:0774H         LINE#         64
  C:0779H         LINE#         65
  C:0779H         LINE#         66
  C:0779H         LINE#         67
  -------         ENDPROC       TIMECOUNT
  -------         PROC          LED_SHOW
  -------         DO            
  D:0023H         SYMBOL        tableHead
  D:0027H         SYMBOL        tableDisplaySettting
  D:002EH         SYMBOL        tableTimeData
  D:003EH         SYMBOL        tableEnd
  D:003FH         SYMBOL        length
  D:0040H         SYMBOL        i
  D:0041H         SYMBOL        sum
  -------         ENDDO         
  C:0591H         LINE#         69
  C:0591H         LINE#         70
  C:0591H         LINE#         71
  C:05A4H         LINE#         74
  C:05B7H         LINE#         84
  C:05BAH         LINE#         85
  C:05C0H         LINE#         87
  C:05ECH         LINE#         88
  C:05F7H         LINE#         90
  C:05FAH         LINE#         91
  C:060BH         LINE#         92
  C:0615H         LINE#         93
  C:0623H         LINE#         95
  C:0627H         LINE#         98
  C:062DH         LINE#         100
  C:0630H         LINE#         101
  C:0643H         LINE#         102
  C:0646H         LINE#         103
  C:0659H         LINE#         104
  C:0663H         LINE#         105
  C:0671H         LINE#         106
  -------         ENDPROC       LED_SHOW
  -------         PROC          MAIN
BL51 BANKED LINKER/LOCATER V6.22.4.0                                                  05/02/2025  19:51:20  PAGE 6


  C:077AH         LINE#         109
  C:077AH         LINE#         110
  C:077AH         LINE#         111
  C:077DH         LINE#         112
  C:0780H         LINE#         113
  C:0783H         LINE#         114
  C:078AH         LINE#         115
  C:0791H         LINE#         116
  C:0793H         LINE#         117
  C:0793H         LINE#         118
  C:0793H         LINE#         119
  C:0796H         LINE#         120
  C:0796H         LINE#         121
  C:0798H         LINE#         122
  C:079BH         LINE#         123
  C:079BH         LINE#         124
  C:079EH         LINE#         125
  C:079EH         LINE#         126
  C:07A0H         LINE#         127
  C:07A3H         LINE#         129
  C:07A3H         LINE#         130
  -------         ENDPROC       MAIN
  -------         PROC          TIMER0_ISR
  C:0702H         LINE#         133
  C:071FH         LINE#         135
  C:0721H         LINE#         136
  C:0723H         LINE#         137
  C:0726H         LINE#         138
  C:0729H         LINE#         139
  -------         ENDPROC       TIMER0_ISR
  -------         PROC          TIMER1_ISR
  C:001EH         LINE#         141
  C:001EH         LINE#         143
  C:0020H         LINE#         144
  C:0022H         LINE#         145
  -------         ENDPROC       TIMER1_ISR
  -------         ENDMOD        MAIN

  -------         MODULE        KEY
  C:0000H         SYMBOL        _ICE_DUMMY_
  D:0080H         PUBLIC        P0
  D:0090H         PUBLIC        P1
  D:00A0H         PUBLIC        P2
  D:00B0H         PUBLIC        P3
  D:00C0H         PUBLIC        P4
  D:00C8H         PUBLIC        P5
  D:00E8H         PUBLIC        P6
  D:00F8H         PUBLIC        P7
  C:07F5H         PUBLIC        KeyCheck
  D:00A8H         PUBLIC        IE
  D:00B8H         PUBLIC        IP
  D:0098H         PUBLIC        SCON
  D:0088H         PUBLIC        TCON
  B:0022H.0       SYMBOL        KeyResetState
  B:00A0H.6       PUBLIC        P26
  D:00F0H         PUBLIC        B
  D:00E0H         PUBLIC        ACC
BL51 BANKED LINKER/LOCATER V6.22.4.0                                                  05/02/2025  19:51:20  PAGE 7


  D:00D0H         PUBLIC        PSW
  -------         PROC          KEYCHECK
  -------         DO            
  D:0010H         SYMBOL        Key_Status_Check
  -------         ENDDO         
  C:07F5H         LINE#         3
  C:07F5H         LINE#         4
  C:07F5H         LINE#         6
  C:0801H         LINE#         7
  C:0801H         LINE#         8
  C:0801H         LINE#         9
  C:0804H         LINE#         10
  C:0807H         LINE#         11
  C:0808H         LINE#         13
  C:0808H         LINE#         14
  C:080BH         LINE#         15
  C:080BH         LINE#         16
  C:080DH         LINE#         17
  C:0810H         LINE#         18
  C:0811H         LINE#         25
  C:0811H         LINE#         26
  C:0814H         LINE#         27
  C:0814H         LINE#         28
  C:0816H         LINE#         29
  C:0816H         LINE#         30
  C:0819H         LINE#         31
  C:0819H         LINE#         32
  C:0819H         LINE#         33
  -------         ENDPROC       KEYCHECK
  -------         ENDMOD        KEY

  -------         MODULE        UART
  C:0000H         SYMBOL        _ICE_DUMMY_
  D:0080H         PUBLIC        P0
  D:0090H         PUBLIC        P1
  D:00A0H         PUBLIC        P2
  D:00B0H         PUBLIC        P3
  D:00C0H         PUBLIC        P4
  D:00C8H         PUBLIC        P5
  D:00E8H         PUBLIC        P6
  D:00F8H         PUBLIC        P7
  C:0003H         PUBLIC        _SendData
  D:00A8H         PUBLIC        IE
  B:00A8H.4       PUBLIC        ES
  D:00B8H         PUBLIC        IP
  B:0098H.0       PUBLIC        RI
  B:0098H.1       PUBLIC        TI
  D:0099H         PUBLIC        SBUF
  D:0098H         PUBLIC        SCON
  D:0089H         PUBLIC        TMOD
  D:0088H         PUBLIC        TCON
  D:0011H         SYMBOL        UartColdDown
  D:00F0H         PUBLIC        B
  D:008EH         PUBLIC        AUXR
  B:0021H.6       SYMBOL        UartBusy
  C:084EH         PUBLIC        Uart1_Init
  D:00E0H         PUBLIC        ACC
BL51 BANKED LINKER/LOCATER V6.22.4.0                                                  05/02/2025  19:51:20  PAGE 8


  B:00A8H.3       PUBLIC        ET1
  D:008DH         PUBLIC        TH1
  D:008BH         PUBLIC        TL1
  B:0088H.6       PUBLIC        TR1
  C:000EH         PUBLIC        Uart1_Isr
  B:0021H.7       SYMBOL        Uartwork
  D:00D0H         PUBLIC        PSW
  -------         PROC          UART1_INIT
  C:084EH         LINE#         3
  C:084EH         LINE#         4
  C:084EH         LINE#         5
  C:0851H         LINE#         6
  C:0854H         LINE#         7
  C:0857H         LINE#         8
  C:085AH         LINE#         9
  C:085DH         LINE#         10
  C:0860H         LINE#         11
  C:0862H         LINE#         12
  C:0864H         LINE#         13
  C:0866H         LINE#         14
  -------         ENDPROC       UART1_INIT
  -------         PROC          _SENDDATA
  D:0007H         SYMBOL        dat
  C:0003H         LINE#         19
  C:0003H         LINE#         20
  C:0003H         LINE#         21
  C:0006H         LINE#         23
  C:0008H         LINE#         24
  C:000AH         LINE#         25
  -------         ENDPROC       _SENDDATA
  -------         PROC          UART1_ISR
  C:000EH         LINE#         27
  C:000EH         LINE#         29
  C:0011H         LINE#         30
  C:0013H         LINE#         31
  C:0016H         LINE#         32
  C:0018H         LINE#         33
  C:001AH         LINE#         34
  -------         ENDPROC       UART1_ISR
  -------         ENDMOD        UART

  -------         MODULE        ?C?COPY
  C:0452H         PUBLIC        ?C?COPY
  -------         ENDMOD        ?C?COPY

  -------         MODULE        ?C?SIDIV
  C:0478H         PUBLIC        ?C?SIDIV
  -------         ENDMOD        ?C?SIDIV

  -------         MODULE        PRINTF
  D:0042H         PUBLIC        ?_PRINTF517?BYTE
  D:0042H         PUBLIC        ?_PRINTF?BYTE
  D:0042H         PUBLIC        ?_SPRINTF517?BYTE
  D:0042H         PUBLIC        ?_SPRINTF?BYTE
  C:0088H         PUBLIC        _PRINTF
  C:0088H         PUBLIC        _PRINTF517
  C:0082H         PUBLIC        _SPRINTF
BL51 BANKED LINKER/LOCATER V6.22.4.0                                                  05/02/2025  19:51:20  PAGE 9


  C:0082H         PUBLIC        _SPRINTF517
  -------         ENDMOD        PRINTF

  -------         MODULE        STRLEN
  C:0867H         PUBLIC        _STRLEN
  -------         ENDMOD        STRLEN

  -------         MODULE        ?C?CLDPTR
  C:04AEH         PUBLIC        ?C?CLDPTR
  -------         ENDMOD        ?C?CLDPTR

  -------         MODULE        ?C?CLDOPTR
  C:04C7H         PUBLIC        ?C?CLDOPTR
  -------         ENDMOD        ?C?CLDOPTR

  -------         MODULE        ?C?CSTPTR
  C:04F4H         PUBLIC        ?C?CSTPTR
  -------         ENDMOD        ?C?CSTPTR

  -------         MODULE        ?C?UIDIV
  C:0506H         PUBLIC        ?C?UIDIV
  -------         ENDMOD        ?C?UIDIV

  -------         MODULE        ?C?PLDIIDATA
  C:055BH         PUBLIC        ?C?PLDIIDATA
  -------         ENDMOD        ?C?PLDIIDATA

  -------         MODULE        ?C?CCASE
  C:056BH         PUBLIC        ?C?CCASE
  -------         ENDMOD        ?C?CCASE

  -------         MODULE        PUTCHAR
  C:07CEH         PUBLIC        _PUTCHAR
  -------         ENDMOD        PUTCHAR

Program Size: data=72.1 xdata=0 code=2210
LINK/LOCATE RUN COMPLETE.  0 WARNING(S),  0 ERROR(S)
